// Jest Snapshot v1, https://goo.gl/fbAQLP

exports[`matches snapshot 1`] = `
<DocumentFragment>
  <form
    class="d-flex"
  >
    <input
      class="form-control input"
      placeholder="add todo"
      type="text"
      value=""
    />
    <button
      class="btn add"
    >
      add
    </button>
  </form>
</DocumentFragment>
`;
